<?xml version="1.0" encoding="UTF-8" ?>
<testsuites name="vitest tests" tests="4" failures="0" errors="0" time="107.487">
    <testsuite name="src/__tests__/indexTest.test.jsx" timestamp="2026-05-05T09:09:42.252Z" hostname="tuyishime" tests="4" failures="0" errors="0" skipped="0" time="0.1799966">
        <testcase classname="src/__tests__/indexTest.test.jsx" name="renders product dashboard title" time="0.1270947">
        </testcase>
        <testcase classname="src/__tests__/indexTest.test.jsx" name="displays all products initially" time="0.01502">
        </testcase>
        <testcase classname="src/__tests__/indexTest.test.jsx" name="applies conditional styling for out-of-stock products" time="0.0126364">
        </testcase>
        <testcase classname="src/__tests__/indexTest.test.jsx" name="removes product from the dashboard when &quot;Remove&quot; button is clicked" time="0.0239442">
        </testcase>
    </testsuite>
</testsuites>
